.\.venv\Scripts\python.exe : Traceback 
(most recent call last):
At line:1 char:1
+ .\.venv\Scripts\python.exe -m 
agents.tests.test_workflow 2>&1 > test_ 
...
+ ~~~~~~~~~~~~~~~~~~~~~~~~~~~~~~~~~~~~~~~~
~~~~~~~~~~~~~~~~~~~~~~~~~~~~~
    + CategoryInfo          : NotSpecifie 
   d: (Traceback (most recent call last)  
  ::String) [], RemoteException
    + FullyQualifiedErrorId : NativeComma 
   ndError
 
  File "C:\Projects\UofTHacks\uofthacks-13
\agents\tests\test_workflow.py", line 
133, in run_mocked_test
    user_profile = await 
run_layout_generation(
                   
^^^^^^^^^^^^^^^^^^^^^^^^^^^^
  File "C:\Projects\UofTHacks\uofthacks-13
\agents\graph.py", line 305, in 
run_layout_generation
    result = await 
agent_graph.ainvoke(initial_state)
             
^^^^^^^^^^^^^^^^^^^^^^^^^^^^^^^^^^^^^^^^
  File "C:\Projects\UofTHacks\uofthacks-13
\.venv\Lib\site-packages\langgraph\pregel\
main.py", line 3161, in ainvoke
    async for chunk in self.astream(
  File "C:\Projects\UofTHacks\uofthacks-13
\.venv\Lib\site-packages\langgraph\pregel\
main.py", line 2974, in astream
    async for _ in runner.atick(
  File "C:\Projects\UofTHacks\uofthacks-13
\.venv\Lib\site-packages\langgraph\pregel\
_runner.py", line 410, in atick
    _panic_or_proceed(
  File "C:\Projects\UofTHacks\uofthacks-13
\.venv\Lib\site-packages\langgraph\pregel\
_runner.py", line 520, in 
_panic_or_proceed
    raise exc
  File "C:\Projects\UofTHacks\uofthacks-13
\.venv\Lib\site-packages\langgraph\pregel\
_retry.py", line 138, in arun_with_retry
    return await 
task.proc.ainvoke(task.input, config)
           ^^^^^^^^^^^^^^^^^^^^^^^^^^^^^^^
^^^^^^^^^^^^
  File "C:\Projects\UofTHacks\uofthacks-13
\.venv\Lib\site-packages\langgraph\_intern
al\_runnable.py", line 705, in ainvoke
    input = await asyncio.create_task(
            ^^^^^^^^^^^^^^^^^^^^^^^^^^
  File "C:\Projects\UofTHacks\uofthacks-13
\.venv\Lib\site-packages\langgraph\_intern
al\_runnable.py", line 473, in ainvoke
    ret = await self.afunc(*args, 
**kwargs)
          
^^^^^^^^^^^^^^^^^^^^^^^^^^^^^^^^^
  File "C:\Projects\UofTHacks\uofthacks-13
\.venv\Lib\site-packages\langchain_core\ru
nnables\config.py", line 610, in 
run_in_executor
    return await asyncio.get_running_loop(
).run_in_executor(
           ^^^^^^^^^^^^^^^^^^^^^^^^^^^^^^^
^^^^^^^^^^^^^^^^^^
  File "C:\Python311\Lib\concurrent\future
s\thread.py", line 58, in run
    result = self.fn(*self.args, 
**self.kwargs)
             
^^^^^^^^^^^^^^^^^^^^^^^^^^^^^^^^^^
  File "C:\Projects\UofTHacks\uofthacks-13
\.venv\Lib\site-packages\langchain_core\ru
nnables\config.py", line 601, in wrapper
    return func(*args, **kwargs)
           ^^^^^^^^^^^^^^^^^^^^^
  File "C:\Projects\UofTHacks\uofthacks-13
\agents\graph.py", line 53, in 
motor_state_node
    result = 
motor_state_stream.process(telemetry)
             
^^^^^^^^^^^^^^^^^^^^^^^^^^^^^^^^^^^^^
  File "C:\Projects\UofTHacks\uofthacks-13
\agents\streams\motor_state_stream.py", 
line 42, in process
    metrics = 
self.analyzer.analyze(telemetry_batch)
              
^^^^^^^^^^^^^^^^^^^^^^^^^^^^^^^^^^^^^^
  File "C:\Projects\UofTHacks\uofthacks-13
\agents\algorithms\motor_analyzer.py", 
line 43, in analyze
    vel_magnitude = 
math.sqrt(vel.get("x", 0) ** 2 + 
vel.get("y", 0) ** 2)
                              ^^^^^^^
AttributeError: 'int' object has no 
attribute 'get'
During task with name 'motor_state' and 
id '2180a48f-e2c3-a67b-64c9-68197dedc7b4'
Traceback (most recent call last):
  File "C:\Projects\UofTHacks\uofthacks-13
\agents\tests\test_workflow.py", line 
133, in run_mocked_test
    user_profile = await 
run_layout_generation(
                   
^^^^^^^^^^^^^^^^^^^^^^^^^^^^
  File "C:\Projects\UofTHacks\uofthacks-13
\agents\graph.py", line 305, in 
run_layout_generation
    result = await 
agent_graph.ainvoke(initial_state)
             
^^^^^^^^^^^^^^^^^^^^^^^^^^^^^^^^^^^^^^^^
  File "C:\Projects\UofTHacks\uofthacks-13
\.venv\Lib\site-packages\langgraph\pregel\
main.py", line 3161, in ainvoke
    async for chunk in self.astream(
  File "C:\Projects\UofTHacks\uofthacks-13
\.venv\Lib\site-packages\langgraph\pregel\
main.py", line 2974, in astream
    async for _ in runner.atick(
  File "C:\Projects\UofTHacks\uofthacks-13
\.venv\Lib\site-packages\langgraph\pregel\
_runner.py", line 410, in atick
    _panic_or_proceed(
  File "C:\Projects\UofTHacks\uofthacks-13
\.venv\Lib\site-packages\langgraph\pregel\
_runner.py", line 520, in 
_panic_or_proceed
    raise exc
  File "C:\Projects\UofTHacks\uofthacks-13
\.venv\Lib\site-packages\langgraph\pregel\
_retry.py", line 138, in arun_with_retry
    return await 
task.proc.ainvoke(task.input, config)
           ^^^^^^^^^^^^^^^^^^^^^^^^^^^^^^^
^^^^^^^^^^^^
  File "C:\Projects\UofTHacks\uofthacks-13
\.venv\Lib\site-packages\langgraph\_intern
al\_runnable.py", line 705, in ainvoke
    input = await asyncio.create_task(
            ^^^^^^^^^^^^^^^^^^^^^^^^^^
  File "C:\Projects\UofTHacks\uofthacks-13
\.venv\Lib\site-packages\langgraph\_intern
al\_runnable.py", line 473, in ainvoke
    ret = await self.afunc(*args, 
**kwargs)
          
^^^^^^^^^^^^^^^^^^^^^^^^^^^^^^^^^
  File "C:\Projects\UofTHacks\uofthacks-13
\.venv\Lib\site-packages\langchain_core\ru
nnables\config.py", line 610, in 
run_in_executor
    return await asyncio.get_running_loop(
).run_in_executor(
           ^^^^^^^^^^^^^^^^^^^^^^^^^^^^^^^
^^^^^^^^^^^^^^^^^^
  File "C:\Python311\Lib\concurrent\future
s\thread.py", line 58, in run
    result = self.fn(*self.args, 
**self.kwargs)
             
^^^^^^^^^^^^^^^^^^^^^^^^^^^^^^^^^^
  File "C:\Projects\UofTHacks\uofthacks-13
\.venv\Lib\site-packages\langchain_core\ru
nnables\config.py", line 601, in wrapper
    return func(*args, **kwargs)
           ^^^^^^^^^^^^^^^^^^^^^
  File "C:\Projects\UofTHacks\uofthacks-13
\agents\graph.py", line 53, in 
motor_state_node
    result = 
motor_state_stream.process(telemetry)
             
^^^^^^^^^^^^^^^^^^^^^^^^^^^^^^^^^^^^^
  File "C:\Projects\UofTHacks\uofthacks-13
\agents\streams\motor_state_stream.py", 
line 42, in process
    metrics = 
self.analyzer.analyze(telemetry_batch)
              
^^^^^^^^^^^^^^^^^^^^^^^^^^^^^^^^^^^^^^
  File "C:\Projects\UofTHacks\uofthacks-13
\agents\algorithms\motor_analyzer.py", 
line 43, in analyze
    vel_magnitude = 
math.sqrt(vel.get("x", 0) ** 2 + 
vel.get("y", 0) ** 2)
                              ^^^^^^^
AttributeError: 'int' object has no 
attribute 'get'
During task with name 'motor_state' and 
id 'c46daafb-7469-9587-2423-5688a1a7a8c3'
Traceback (most recent call last):
  File "C:\Projects\UofTHacks\uofthacks-13
\agents\tests\test_workflow.py", line 
133, in run_mocked_test
    user_profile = await 
run_layout_generation(
                   
^^^^^^^^^^^^^^^^^^^^^^^^^^^^
  File "C:\Projects\UofTHacks\uofthacks-13
\agents\graph.py", line 305, in 
run_layout_generation
    result = await 
agent_graph.ainvoke(initial_state)
             
^^^^^^^^^^^^^^^^^^^^^^^^^^^^^^^^^^^^^^^^
  File "C:\Projects\UofTHacks\uofthacks-13
\.venv\Lib\site-packages\langgraph\pregel\
main.py", line 3161, in ainvoke
    async for chunk in self.astream(
  File "C:\Projects\UofTHacks\uofthacks-13
\.venv\Lib\site-packages\langgraph\pregel\
main.py", line 2974, in astream
    async for _ in runner.atick(
  File "C:\Projects\UofTHacks\uofthacks-13
\.venv\Lib\site-packages\langgraph\pregel\
_runner.py", line 410, in atick
    _panic_or_proceed(
  File "C:\Projects\UofTHacks\uofthacks-13
\.venv\Lib\site-packages\langgraph\pregel\
_runner.py", line 520, in 
_panic_or_proceed
    raise exc
  File "C:\Projects\UofTHacks\uofthacks-13
\.venv\Lib\site-packages\langgraph\pregel\
_retry.py", line 138, in arun_with_retry
    return await 
task.proc.ainvoke(task.input, config)
           ^^^^^^^^^^^^^^^^^^^^^^^^^^^^^^^
^^^^^^^^^^^^
  File "C:\Projects\UofTHacks\uofthacks-13
\.venv\Lib\site-packages\langgraph\_intern
al\_runnable.py", line 705, in ainvoke
    input = await asyncio.create_task(
            ^^^^^^^^^^^^^^^^^^^^^^^^^^
  File "C:\Projects\UofTHacks\uofthacks-13
\.venv\Lib\site-packages\langgraph\_intern
al\_runnable.py", line 473, in ainvoke
    ret = await self.afunc(*args, 
**kwargs)
          
^^^^^^^^^^^^^^^^^^^^^^^^^^^^^^^^^
  File "C:\Projects\UofTHacks\uofthacks-13
\.venv\Lib\site-packages\langchain_core\ru
nnables\config.py", line 610, in 
run_in_executor
    return await asyncio.get_running_loop(
).run_in_executor(
           ^^^^^^^^^^^^^^^^^^^^^^^^^^^^^^^
^^^^^^^^^^^^^^^^^^
  File "C:\Python311\Lib\concurrent\future
s\thread.py", line 58, in run
    result = self.fn(*self.args, 
**self.kwargs)
             
^^^^^^^^^^^^^^^^^^^^^^^^^^^^^^^^^^
  File "C:\Projects\UofTHacks\uofthacks-13
\.venv\Lib\site-packages\langchain_core\ru
nnables\config.py", line 601, in wrapper
    return func(*args, **kwargs)
           ^^^^^^^^^^^^^^^^^^^^^
  File "C:\Projects\UofTHacks\uofthacks-13
\agents\graph.py", line 53, in 
motor_state_node
    result = 
motor_state_stream.process(telemetry)
             
^^^^^^^^^^^^^^^^^^^^^^^^^^^^^^^^^^^^^
  File "C:\Projects\UofTHacks\uofthacks-13
\agents\streams\motor_state_stream.py", 
line 42, in process
    metrics = 
self.analyzer.analyze(telemetry_batch)
              
^^^^^^^^^^^^^^^^^^^^^^^^^^^^^^^^^^^^^^
  File "C:\Projects\UofTHacks\uofthacks-13
\agents\algorithms\motor_analyzer.py", 
line 43, in analyze
    vel_magnitude = 
math.sqrt(vel.get("x", 0) ** 2 + 
vel.get("y", 0) ** 2)
                              ^^^^^^^
AttributeError: 'int' object has no 
attribute 'get'
During task with name 'motor_state' and 
id '4ac86a5f-b311-45c2-8b07-35c87d771b2a'

[*] Starting Agent Workflow Test Suite (Mocked LLM Responses)
Testing 3 mock user personas through the full agent pipeline...


============================================================
Testing: test-user-confident-contrasty
============================================================
FAILED: 'int' object has no attribute 'get'

============================================================
Testing: test-user-indecisive-pastel
============================================================
FAILED: 'int' object has no attribute 'get'

============================================================
Testing: test-user-indecisive-brutalist
============================================================
FAILED: 'int' object has no attribute 'get'

================================================================================
 SUMMARY
================================================================================
Tests passed: 0/3
  [FAIL] test-user-confident-contrasty
        Error: 'int' object has no attribute 'get'
  [FAIL] test-user-indecisive-pastel
        Error: 'int' object has no attribute 'get'
  [FAIL] test-user-indecisive-brutalist
        Error: 'int' object has no attribute 'get'
================================================================================
